
[1m[46m RUN [49m[22m [36mv4.0.18 [39m[90m/root/projects/trade-dashboard[39m

 [32m✓[39m src/tests/intelligence_engine.test.ts [2m([22m[2m12 tests[22m[2m)[22m[32m 4[2mms[22m[39m

[2m Test Files [22m [1m[32m1 passed[39m[22m[90m (1)[39m
[2m      Tests [22m [1m[32m12 passed[39m[22m[90m (12)[39m
[2m   Start at [22m 09:19:33
[2m   Duration [22m 524ms[2m (transform 35ms, setup 0ms, import 45ms, tests 4ms, environment 380ms)[22m

